// Jest Snapshot v1, https://goo.gl/fbAQLP

exports[`Slider component test should match snapshot 1`] = `
<div
  className="sc-bdVaJa kuQLoz"
>
  <div
    className="sc-bwzfXH gJIwTT"
  >
    
  </div>
  <input
    className="sc-htpNat daVAfG"
    max={500}
    min={10}
    onChange={[MockFunction]}
    step={1}
    type="range"
    value={1000}
  />
</div>
`;
